
Copyright (C) 1994-2020 Synopsys, Inc.
This Synopsys software and all associated documentation are proprietary to Synopsys, Inc.
and may only be used pursuant to the terms and conditions of a written license agreement
with Synopsys, Inc. All other use, reproduction, modification, or distribution of the
Synopsys software or the associated documentation is strictly prohibited.
Tool: Synplify Pro (R)
Build: Q-2020.03M
Install: C:\Microsemi\Libero_SoC_v12.5\SynplifyPro
OS: Windows 6.2

Hostname: MSI

Implementation : synthesis

# Written on Tue Feb  8 01:35:06 2022

##### DESIGN INFO #######################################################

Top View:                "test2"
Constraint File(s):      "C:\Users\Kai\Desktop\test2_RP\designer\test2\synthesis.fdc"




##### SUMMARY ############################################################

Found 0 issues in 0 out of 0 constraints


##### DETAILS ############################################################



Clock Relationships
*******************

Starting     Ending     |     rise to rise     |     fall to fall     |     rise to fall     |     fall to rise                     
-----------------------------------------------------------------------------------------------------------------------------------
===================================================================================================================================
 Note: 'No paths' indicates there are no paths in the design for that pair of clock edges.
       'Diff grp' indicates that paths exist but the starting clock and ending clock are in different clock groups.


Unconstrained Start/End Points
******************************

p:ERRr
p:R_ADDR[0]
p:R_ADDR[1]
p:R_ADDR[2]
p:R_ADDR[3]
p:R_ADDR[4]
p:R_ADDR[5]
p:R_ADDR[6]
p:R_ADDR[7]
p:R_ADDR[8]
p:R_ADDR[9]
p:R_ADDR[10]
p:R_ADDR[11]
p:R_ADDR[12]
p:R_ADDR[13]
p:R_DATA[0]
p:R_DATA[1]
p:R_DATA[2]
p:R_DATA[3]
p:R_DATA[4]
p:R_DATA[5]
p:R_DATA[6]
p:R_DATA[7]
p:R_DATA[8]
p:R_DATA[9]
p:R_DATA[10]
p:R_DATA[11]
p:R_DATA[12]
p:R_DATA[13]
p:R_DATA[14]
p:R_DATA[15]
p:R_DATA[16]
p:R_DATA[17]
p:R_DATA[18]
p:R_DATA[19]
p:R_DATA[20]
p:R_DATA[21]
p:R_DATA[22]
p:R_DATA[23]
p:R_DATA[24]
p:R_DATA[25]
p:R_DATA[26]
p:R_DATA[27]
p:R_DATA[28]
p:R_DATA[29]
p:R_DATA[30]
p:R_DATA[31]
p:R_DATA[32]
p:R_DATA[33]
p:R_DATA[34]
p:R_DATA[35]
p:R_DATA[36]
p:R_DATA[37]
p:R_DATA[38]
p:R_DATA[39]
p:R_DATA[40]
p:R_DATA[41]
p:R_DATA[42]
p:R_DATA[43]
p:R_DATA[44]
p:R_DATA[45]
p:R_DATA[46]
p:R_DATA[47]
p:R_DATA[48]
p:R_DATA[49]
p:R_DATA[50]
p:R_DATA[51]
p:R_DATA[52]
p:R_DATA[53]
p:R_DATA[54]
p:R_DATA[55]
p:R_DATA[56]
p:R_DATA[57]
p:R_DATA[58]
p:R_DATA[59]
p:R_DATA[60]
p:R_DATA[61]
p:R_DATA[62]
p:R_DATA[63]
p:R_DATA[64]
p:R_DATA[65]
p:R_DATA[66]
p:R_DATA[67]
p:R_DATA[68]
p:R_DATA[69]
p:R_DATA[70]
p:R_DATA[71]
p:R_DATA[72]
p:R_DATA[73]
p:R_DATA[74]
p:R_DATA[75]
p:R_DATA[76]
p:R_DATA[77]
p:R_DATA[78]
p:R_DATA[79]
p:R_EN
p:WBYTE_EN[0]
p:WBYTE_EN[1]
p:WBYTE_EN[2]
p:WBYTE_EN[3]
p:WBYTE_EN[4]
p:WBYTE_EN[5]
p:WBYTE_EN[6]
p:WBYTE_EN[7]
p:W_ADDR[0]
p:W_ADDR[1]
p:W_ADDR[2]
p:W_ADDR[3]
p:W_ADDR[4]
p:W_ADDR[5]
p:W_ADDR[6]
p:W_ADDR[7]
p:W_ADDR[8]
p:W_ADDR[9]
p:W_ADDR[10]
p:W_ADDR[11]
p:W_ADDR[12]
p:W_ADDR[13]
p:W_DATA[0]
p:W_DATA[1]
p:W_DATA[2]
p:W_DATA[3]
p:W_DATA[4]
p:W_DATA[5]
p:W_DATA[6]
p:W_DATA[7]
p:W_DATA[8]
p:W_DATA[9]
p:W_DATA[10]
p:W_DATA[11]
p:W_DATA[12]
p:W_DATA[13]
p:W_DATA[14]
p:W_DATA[15]
p:W_DATA[16]
p:W_DATA[17]
p:W_DATA[18]
p:W_DATA[19]
p:W_DATA[20]
p:W_DATA[21]
p:W_DATA[22]
p:W_DATA[23]
p:W_DATA[24]
p:W_DATA[25]
p:W_DATA[26]
p:W_DATA[27]
p:W_DATA[28]
p:W_DATA[29]
p:W_DATA[30]
p:W_DATA[31]
p:W_DATA[32]
p:W_DATA[33]
p:W_DATA[34]
p:W_DATA[35]
p:W_DATA[36]
p:W_DATA[37]
p:W_DATA[38]
p:W_DATA[39]
p:W_DATA[40]
p:W_DATA[41]
p:W_DATA[42]
p:W_DATA[43]
p:W_DATA[44]
p:W_DATA[45]
p:W_DATA[46]
p:W_DATA[47]
p:W_DATA[48]
p:W_DATA[49]
p:W_DATA[50]
p:W_DATA[51]
p:W_DATA[52]
p:W_DATA[53]
p:W_DATA[54]
p:W_DATA[55]
p:W_DATA[56]
p:W_DATA[57]
p:W_DATA[58]
p:W_DATA[59]
p:W_DATA[60]
p:W_DATA[61]
p:W_DATA[62]
p:W_DATA[63]
p:W_DATA[64]
p:W_DATA[65]
p:W_DATA[66]
p:W_DATA[67]
p:W_DATA[68]
p:W_DATA[69]
p:W_DATA[70]
p:W_DATA[71]
p:W_DATA[72]
p:W_DATA[73]
p:W_DATA[74]
p:W_DATA[75]
p:W_DATA[76]
p:W_DATA[77]
p:W_DATA[78]
p:W_DATA[79]
p:W_EN
p:data_64_out[0]
p:data_64_out[1]
p:data_64_out[2]
p:data_64_out[3]
p:data_64_out[4]
p:data_64_out[5]
p:data_64_out[6]
p:data_64_out[7]
p:data_64_out[8]
p:data_64_out[9]
p:data_64_out[10]
p:data_64_out[11]
p:data_64_out[12]
p:data_64_out[13]
p:data_64_out[14]
p:data_64_out[15]
p:data_64_out[16]
p:data_64_out[17]
p:data_64_out[18]
p:data_64_out[19]
p:data_64_out[20]
p:data_64_out[21]
p:data_64_out[22]
p:data_64_out[23]
p:data_64_out[24]
p:data_64_out[25]
p:data_64_out[26]
p:data_64_out[27]
p:data_64_out[28]
p:data_64_out[29]
p:data_64_out[30]
p:data_64_out[31]
p:data_64_out[32]
p:data_64_out[33]
p:data_64_out[34]
p:data_64_out[35]
p:data_64_out[36]
p:data_64_out[37]
p:data_64_out[38]
p:data_64_out[39]
p:data_64_out[40]
p:data_64_out[41]
p:data_64_out[42]
p:data_64_out[43]
p:data_64_out[44]
p:data_64_out[45]
p:data_64_out[46]
p:data_64_out[47]
p:data_64_out[48]
p:data_64_out[49]
p:data_64_out[50]
p:data_64_out[51]
p:data_64_out[52]
p:data_64_out[53]
p:data_64_out[54]
p:data_64_out[55]
p:data_64_out[56]
p:data_64_out[57]
p:data_64_out[58]
p:data_64_out[59]
p:data_64_out[60]
p:data_64_out[61]
p:data_64_out[62]
p:data_64_out[63]
p:error_address[0]
p:error_address[1]
p:error_address[2]
p:error_address[3]
p:error_address[4]
p:error_address[5]
p:error_address[6]
p:error_address[7]
p:error_address[8]
p:error_address[9]
p:error_address[10]
p:error_address[11]
p:error_address[12]
p:error_address[13]
p:error_data[0]
p:error_data[1]
p:error_data[2]
p:error_data[3]
p:error_data[4]
p:error_data[5]
p:error_data[6]
p:error_data[7]
p:error_data[8]
p:error_data[9]
p:error_data[10]
p:error_data[11]
p:error_data[12]
p:error_data[13]
p:error_data[14]
p:error_data[15]
p:error_data[16]
p:error_data[17]
p:error_data[18]
p:error_data[19]
p:error_data[20]
p:error_data[21]
p:error_data[22]
p:error_data[23]
p:error_data[24]
p:error_data[25]
p:error_data[26]
p:error_data[27]
p:error_data[28]
p:error_data[29]
p:error_data[30]
p:error_data[31]
p:error_data[32]
p:error_data[33]
p:error_data[34]
p:error_data[35]
p:error_data[36]
p:error_data[37]
p:error_data[38]
p:error_data[39]
p:error_data[40]
p:error_data[41]
p:error_data[42]
p:error_data[43]
p:error_data[44]
p:error_data[45]
p:error_data[46]
p:error_data[47]
p:error_data[48]
p:error_data[49]
p:error_data[50]
p:error_data[51]
p:error_data[52]
p:error_data[53]
p:error_data[54]
p:error_data[55]
p:error_data[56]
p:error_data[57]
p:error_data[58]
p:error_data[59]
p:error_data[60]
p:error_data[61]
p:error_data[62]
p:error_data[63]
p:error_flag
p:selectt[0]
p:selectt[1]
p:selectt[2]
p:selectt[3]
p:selectt[4]
p:selectt[5]
p:selectt[6]
p:selectt[7]
p:selectt[8]
p:selectt[9]
p:selectt[10]
p:selectt[11]
p:selectt[12]
p:selectt[13]
p:selectt[14]
p:selectt[15]
p:selectt[16]
p:selectt[17]
p:selectt[18]
p:selectt[19]
p:selectt[20]
p:selectt[21]
p:selectt[22]
p:selectt[23]
p:selectt[24]
p:selectt[25]
p:selectt[26]
p:selectt[27]
p:selectt[28]
p:selectt[29]
p:selectt[30]
p:selectt[31]
p:selectt[32]
p:selectt[33]
p:selectt[34]
p:selectt[35]
p:selectt[36]
p:selectt[37]
p:selectt[38]
p:selectt[39]
p:selectt[40]
p:selectt[41]
p:selectt[42]
p:selectt[43]
p:selectt[44]
p:selectt[45]
p:selectt[46]
p:selectt[47]
p:selectt[48]
p:selectt[49]
p:selectt[50]
p:selectt[51]
p:selectt[52]
p:selectt[53]
p:selectt[54]
p:selectt[55]
p:selectt[56]
p:selectt[57]
p:selectt[58]
p:selectt[59]
p:selectt[60]
p:selectt[61]
p:selectt[62]
p:selectt[63]


Inapplicable constraints
************************

(none)


Applicable constraints with issues
**********************************

(none)


Constraints with matching wildcard expressions
**********************************************

(none)


Library Report
**************


# End of Constraint Checker Report
